#
# There is insufficient memory for the Java Runtime Environment to continue.
# Native memory allocation (malloc) failed to allocate 1048576 bytes. Error detail: AllocateHeap
# Possible reasons:
#   The system is out of physical RAM or swap space
#   This process is running with CompressedOops enabled, and the Java Heap may be blocking the growth of the native heap
# Possible solutions:
#   Reduce memory load on the system
#   Increase physical memory or swap space
#   Check if swap backing store is full
#   Decrease Java heap size (-Xmx/-Xms)
#   Decrease number of Java threads
#   Decrease Java thread stack sizes (-Xss)
#   Set larger code cache with -XX:ReservedCodeCacheSize=
#   JVM is running with Unscaled Compressed Oops mode in which the Java heap is
#     placed in the first 4GB address space. The Java Heap base address is the
#     maximum limit for the native heap growth. Please use -XX:HeapBaseMinAddress
#     to set the Java Heap base and to place the Java Heap above 4GB virtual address.
# This output file may be truncated or incomplete.
#
#  Out of Memory Error (allocation.cpp:44), pid=17616, tid=7512
#
# JRE version: OpenJDK Runtime Environment Temurin-21.0.12.1+1 (21.0.12.1+1) (build 21.0.12.1+1-LTS)
# Java VM: OpenJDK 64-Bit Server VM Temurin-21.0.12.1+1 (21.0.12.1+1-LTS, mixed mode, sharing, tiered, compressed oops, compressed class ptrs, parallel gc, windows-amd64)
# No core dump will be written. Minidumps are not enabled by default on client versions of Windows
#

---------------  S U M M A R Y ------------

Command Line: --add-modules=ALL-SYSTEM --add-opens=java.base/java.util=ALL-UNNAMED --add-opens=java.base/java.lang=ALL-UNNAMED --add-opens=java.base/sun.nio.fs=ALL-UNNAMED -Declipse.application=org.eclipse.jdt.ls.core.id1 -Dosgi.bundles.defaultStartLevel=4 -Declipse.product=org.eclipse.jdt.ls.core.product -Djava.import.generatesMetadataFilesAtProjectRoot=false -Dm2e.project.cache.size=50 -DDetectVMInstallationsJob.disabled=true -Dfile.encoding=utf8 -XX:+UseParallelGC -XX:GCTimeRatio=4 -XX:AdaptiveSizePolicyWeight=90 -Dsun.zip.disableMemoryMapping=true -Xmx2G -Xms100m -Xlog:disable -javaagent:c:\Users\gabon\.vscode\extensions\redhat.java-1.56.0-win32-x64\lombok\lombok-1.18.39-4050.jar -XX:+HeapDumpOnOutOfMemoryError -XX:HeapDumpPath=c:\Users\gabon\AppData\Roaming\Code\User\workspaceStorage\6cd386fe6050d58df2c5579d9190ebde\redhat.java -Daether.dependencyCollector.impl=bf c:\Users\gabon\.vscode\extensions\redhat.java-1.56.0-win32-x64\server\plugins\org.eclipse.equinox.launcher_1.8.0.v20260804-1928.jar -configuration c:\Users\gabon\AppData\Roaming\Code\User\globalStorage\redhat.java\1.56.0\config_win -data c:\Users\gabon\AppData\Roaming\Code\User\workspaceStorage\6cd386fe6050d58df2c5579d9190ebde\redhat.java\jdt_ws --pipe=\\.\pipe\lsp-49c11c90cb97edb2758f6064366aadb7-sock

Host: 13th Gen Intel(R) Core(TM) i5-13420H, 12 cores, 15G,  Windows 11 , 64 bit Build 26100 (10.0.26100.9444)
Time: Mon Sep 14 08:39:54 2026 Central European Daylight Time elapsed time: 716.147659 seconds (0d 0h 11m 56s)

---------------  T H R E A D  ---------------

Current thread (0x00000188d4b94910):  JavaThread "Attach Listener" daemon [_thread_in_vm, id=7512, stack(0x000000011c600000,0x000000011c700000) (1024K)]

Stack: [0x000000011c600000,0x000000011c700000]
Native frames: (J=compiled Java code, j=interpreted, Vv=VM code, C=native code)
V  [jvm.dll+0x6d83e9]
V  [jvm.dll+0x8b5736]
V  [jvm.dll+0x8b7cee]
V  [jvm.dll+0x8b83d3]
V  [jvm.dll+0x284596]
V  [jvm.dll+0xc13c7]
V  [jvm.dll+0x6d8c99]
V  [jvm.dll+0x133616]
V  [jvm.dll+0x3f8aae]
V  [jvm.dll+0x8600cd]
V  [jvm.dll+0x6d6c1d]
C  [ucrtbase.dll+0x2cd30]
C  [KERNEL32.DLL+0x2cd87]
C  [ntdll.dll+0xacaec]


---------------  P R O C E S S  ---------------

Threads class SMR info:
_java_thread_list=0x00000188f3363060, length=58, elements={
0x00000188d4ade580, 0x00000188d4a8e4f0, 0x00000188d4b92cc0, 0x00000188d4b93cb0,
0x00000188d4b94910, 0x00000188d4b97480, 0x00000188d4b97ee0, 0x00000188d4b98f30,
0x00000188ec8212b0, 0x00000188eca07ff0, 0x00000188ecb378f0, 0x00000188edde2af0,
0x00000188ecb8cf50, 0x00000188ed94b6d0, 0x00000188eca35990, 0x00000188f25ef010,
0x00000188f2267e40, 0x00000188eda81bc0, 0x00000188f21be810, 0x00000188f21bf530,
0x00000188f21beea0, 0x00000188f21bc0b0, 0x00000188f3bfaf20, 0x00000188f3bfdd10,
0x00000188f3bfbc40, 0x00000188f3bfe3a0, 0x00000188f3bfea30, 0x00000188f3bfd680,
0x00000188f3bfc2d0, 0x00000188f3bfc960, 0x00000188f3bfb5b0, 0x00000188f3bffde0,
0x00000188f3c00470, 0x00000188f3bff0c0, 0x00000188f3bff750, 0x00000188f3bfcff0,
0x00000188f3c00b00, 0x00000188f5eb6640, 0x00000188f5eba7e0, 0x00000188f3c01190,
0x00000188f5ba25b0, 0x00000188f5ba0b70, 0x00000188f5b9f130, 0x00000188f5ba04e0,
0x00000188f5ba32d0, 0x00000188c1223410, 0x00000188c1226890, 0x00000188c1228960,
0x00000188c1225b70, 0x00000188c1226200, 0x00000188c1226f20, 0x00000188f5eb6cd0,
0x00000188f5eb7360, 0x00000188f5eb3ee0, 0x00000188f5eb79f0, 0x00000188f5eb4570,
0x00000188f5eb8710, 0x00000188f5ba3ff0
}

Java Threads: ( => current thread )
  0x00000188d4ade580 JavaThread "main"                              [_thread_blocked, id=6796, stack(0x000000011bf00000,0x000000011c000000) (1024K)]
  0x00000188d4a8e4f0 JavaThread "Reference Handler"          daemon [_thread_blocked, id=17820, stack(0x000000011c300000,0x000000011c400000) (1024K)]
  0x00000188d4b92cc0 JavaThread "Finalizer"                  daemon [_thread_blocked, id=17704, stack(0x000000011c400000,0x000000011c500000) (1024K)]
  0x00000188d4b93cb0 JavaThread "Signal Dispatcher"          daemon [_thread_blocked, id=17996, stack(0x000000011c500000,0x000000011c600000) (1024K)]
=>0x00000188d4b94910 JavaThread "Attach Listener"            daemon [_thread_in_vm, id=7512, stack(0x000000011c600000,0x000000011c700000) (1024K)]
  0x00000188d4b97480 JavaThread "Service Thread"             daemon [_thread_blocked, id=1184, stack(0x000000011c700000,0x000000011c800000) (1024K)]
  0x00000188d4b97ee0 JavaThread "Monitor Deflation Thread"   daemon [_thread_blocked, id=1260, stack(0x000000011c800000,0x000000011c900000) (1024K)]
  0x00000188d4b98f30 JavaThread "C2 CompilerThread0"         daemon [_thread_blocked, id=6736, stack(0x000000011c900000,0x000000011ca00000) (1024K)]
  0x00000188ec8212b0 JavaThread "C1 CompilerThread0"         daemon [_thread_blocked, id=9996, stack(0x000000011ca00000,0x000000011cb00000) (1024K)]
  0x00000188eca07ff0 JavaThread "Common-Cleaner"             daemon [_thread_blocked, id=3120, stack(0x000000011cc00000,0x000000011cd00000) (1024K)]
  0x00000188ecb378f0 JavaThread "Notification Thread"        daemon [_thread_blocked, id=17708, stack(0x000000011cd00000,0x000000011ce00000) (1024K)]
  0x00000188edde2af0 JavaThread "Active Thread: Equinox Container: c1b07677-ae65-4613-a6aa-b0ea8136167e"        [_thread_blocked, id=17852, stack(0x000000011d500000,0x000000011d600000) (1024K)]
  0x00000188ecb8cf50 JavaThread "Refresh Thread: Equinox Container: c1b07677-ae65-4613-a6aa-b0ea8136167e" daemon [_thread_blocked, id=19016, stack(0x000000011ce00000,0x000000011cf00000) (1024K)]
  0x00000188ed94b6d0 JavaThread "Framework Event Dispatcher: Equinox Container: c1b07677-ae65-4613-a6aa-b0ea8136167e" daemon [_thread_blocked, id=19028, stack(0x000000011d600000,0x000000011d700000) (1024K)]
  0x00000188eca35990 JavaThread "Start Level: Equinox Container: c1b07677-ae65-4613-a6aa-b0ea8136167e" daemon [_thread_blocked, id=19036, stack(0x000000011d700000,0x000000011d800000) (1024K)]
  0x00000188f25ef010 JavaThread "Bundle File Closer"         daemon [_thread_blocked, id=19256, stack(0x000000011da00000,0x000000011db00000) (1024K)]
  0x00000188f2267e40 JavaThread "SCR Component Actor"        daemon [_thread_blocked, id=18412, stack(0x000000011db00000,0x000000011dc00000) (1024K)]
  0x00000188eda81bc0 JavaThread "Worker-JM"                         [_thread_blocked, id=19192, stack(0x000000011de00000,0x000000011df00000) (1024K)]
  0x00000188f21be810 JavaThread "Java indexing"              daemon [_thread_blocked, id=17756, stack(0x000000011dd00000,0x000000011de00000) (1024K)]
  0x00000188f21bf530 JavaThread "JNA Cleaner"                daemon [_thread_blocked, id=19356, stack(0x000000011dc00000,0x000000011dd00000) (1024K)]
  0x00000188f21beea0 JavaThread "Worker-5"                          [_thread_blocked, id=16436, stack(0x000000011e700000,0x000000011e800000) (1024K)]
  0x00000188f21bc0b0 JavaThread "Thread-1"                   daemon [_thread_in_native, id=16964, stack(0x000000011e800000,0x000000011e900000) (1024K)]
  0x00000188f3bfaf20 JavaThread "Thread-2"                   daemon [_thread_in_native, id=19196, stack(0x000000011e900000,0x000000011ea00000) (1024K)]
  0x00000188f3bfdd10 JavaThread "Thread-3"                   daemon [_thread_in_native, id=18052, stack(0x000000011ea00000,0x000000011eb00000) (1024K)]
  0x00000188f3bfbc40 JavaThread "Thread-4"                   daemon [_thread_in_native, id=1360, stack(0x000000011eb00000,0x000000011ec00000) (1024K)]
  0x00000188f3bfe3a0 JavaThread "Thread-5"                   daemon [_thread_in_native, id=14140, stack(0x000000011ec00000,0x000000011ed00000) (1024K)]
  0x00000188f3bfea30 JavaThread "Thread-6"                   daemon [_thread_in_native, id=19224, stack(0x000000011ed00000,0x000000011ee00000) (1024K)]
  0x00000188f3bfd680 JavaThread "Thread-7"                   daemon [_thread_in_native, id=16596, stack(0x000000011ee00000,0x000000011ef00000) (1024K)]
  0x00000188f3bfc2d0 JavaThread "Thread-8"                   daemon [_thread_in_native, id=19228, stack(0x000000011ef00000,0x000000011f000000) (1024K)]
  0x00000188f3bfc960 JavaThread "Thread-9"                   daemon [_thread_in_native, id=384, stack(0x000000011f000000,0x000000011f100000) (1024K)]
  0x00000188f3bfb5b0 JavaThread "Thread-10"                  daemon [_thread_in_native, id=18228, stack(0x000000011f100000,0x000000011f200000) (1024K)]
  0x00000188f3bffde0 JavaThread "Thread-11"                  daemon [_thread_in_native, id=18536, stack(0x000000011f200000,0x000000011f300000) (1024K)]
  0x00000188f3c00470 JavaThread "Thread-12"                  daemon [_thread_in_native, id=10712, stack(0x000000011f300000,0x000000011f400000) (1024K)]
  0x00000188f3bff0c0 JavaThread "Thread-13"                  daemon [_thread_in_native, id=9292, stack(0x000000011f400000,0x000000011f500000) (1024K)]
  0x00000188f3bff750 JavaThread "pool-2-thread-1"                   [_thread_blocked, id=19460, stack(0x000000011f500000,0x000000011f600000) (1024K)]
  0x00000188f3bfcff0 JavaThread "WorkspaceEventsHandler"            [_thread_blocked, id=19508, stack(0x000000011f700000,0x000000011f800000) (1024K)]
  0x00000188f3c00b00 JavaThread "pool-1-thread-1"                   [_thread_blocked, id=19512, stack(0x000000011f800000,0x000000011f900000) (1024K)]
  0x00000188f5eb6640 JavaThread "ForkJoinPool.commonPool-worker-1" daemon [_thread_blocked, id=19992, stack(0x0000000120700000,0x0000000120800000) (1024K)]
  0x00000188f5eba7e0 JavaThread "ForkJoinPool.commonPool-worker-2" daemon [_thread_blocked, id=20000, stack(0x0000000120800000,0x0000000120900000) (1024K)]
  0x00000188f3c01190 JavaThread "PatternSearchJob-worker-1"  daemon [_thread_blocked, id=20364, stack(0x000000011fa00000,0x000000011fb00000) (1024K)]
  0x00000188f5ba25b0 JavaThread "PatternSearchJob-worker-2"  daemon [_thread_blocked, id=20368, stack(0x0000000120b00000,0x0000000120c00000) (1024K)]
  0x00000188f5ba0b70 JavaThread "PatternSearchJob-worker-3"  daemon [_thread_blocked, id=20372, stack(0x0000000120c00000,0x0000000120d00000) (1024K)]
  0x00000188f5b9f130 JavaThread "ForkJoinPool.commonPool-worker-3" daemon [_thread_blocked, id=17836, stack(0x000000011bc00000,0x000000011bd00000) (1024K)]
  0x00000188f5ba04e0 JavaThread "ForkJoinPool.commonPool-worker-4" daemon [_thread_blocked, id=5552, stack(0x000000011bd00000,0x000000011be00000) (1024K)]
  0x00000188f5ba32d0 JavaThread "ForkJoinPool.commonPool-worker-5" daemon [_thread_blocked, id=15572, stack(0x000000011be00000,0x000000011bf00000) (1024K)]
  0x00000188c1223410 JavaThread "Compiler Source File Reader" daemon [_thread_blocked, id=17980, stack(0x000000011df00000,0x000000011e000000) (1024K)]
  0x00000188c1226890 JavaThread "Worker-8"                          [_thread_blocked, id=16664, stack(0x000000011e000000,0x000000011e100000) (1024K)]
  0x00000188c1228960 JavaThread "Compiler Source File Reader" daemon [_thread_blocked, id=18872, stack(0x000000011f600000,0x000000011f700000) (1024K)]
  0x00000188c1225b70 JavaThread "Compiler Source File Reader" daemon [_thread_blocked, id=20176, stack(0x000000011e100000,0x000000011e200000) (1024K)]
  0x00000188c1226200 JavaThread "Compiler Source File Reader" daemon [_thread_blocked, id=19628, stack(0x000000011e200000,0x000000011e300000) (1024K)]
  0x00000188c1226f20 JavaThread "Compiler Source File Reader" daemon [_thread_blocked, id=10360, stack(0x000000011e600000,0x000000011e700000) (1024K)]
  0x00000188f5eb6cd0 JavaThread "Compiler Source File Reader" daemon [_thread_blocked, id=10980, stack(0x000000011fb00000,0x000000011fc00000) (1024K)]
  0x00000188f5eb7360 JavaThread "Compiler Source File Reader" daemon [_thread_blocked, id=19944, stack(0x000000011fc00000,0x000000011fd00000) (1024K)]
  0x00000188f5eb3ee0 JavaThread "Worker-10"                         [_thread_blocked, id=19428, stack(0x000000011e300000,0x000000011e400000) (1024K)]
  0x00000188f5eb79f0 JavaThread "Compiler Source File Reader" daemon [_thread_blocked, id=17348, stack(0x000000011e400000,0x000000011e500000) (1024K)]
  0x00000188f5eb4570 JavaThread "Compiler Processing Task"   daemon [_thread_blocked, id=19440, stack(0x000000011f900000,0x000000011fa00000) (1024K)]
  0x00000188f5eb8710 JavaThread "Compiler Source File Reader" daemon [_thread_blocked, id=19924, stack(0x000000011fd00000,0x000000011fe00000) (1024K)]
  0x00000188f5ba3ff0 JavaThread "Compiler Source File Reader" daemon [_thread_blocked, id=9748, stack(0x000000011e500000,0x000000011e600000) (1024K)]
Total: 58

Other Threads:
  0x00000188d4b84c00 VMThread "VM Thread"                           [id=15436, stack(0x000000011c200000,0x000000011c300000) (1024K)]
  0x00000188d496ca00 WatcherThread "VM Periodic Task Thread"        [id=13600, stack(0x000000011c100000,0x000000011c200000) (1024K)]
  0x00000188d4afcad0 WorkerThread "GC Thread#0"                     [id=17876, stack(0x000000011c000000,0x000000011c100000) (1024K)]
  0x00000188edd80b20 WorkerThread "GC Thread#1"                     [id=18076, stack(0x000000011cf00000,0x000000011d000000) (1024K)]
  0x00000188edda1cc0 WorkerThread "GC Thread#2"                     [id=18048, stack(0x000000011d000000,0x000000011d100000) (1024K)]
  0x00000188edda2070 WorkerThread "GC Thread#3"                     [id=17904, stack(0x000000011d100000,0x000000011d200000) (1024K)]
  0x00000188edda2420 WorkerThread "GC Thread#4"                     [id=17928, stack(0x000000011d200000,0x000000011d300000) (1024K)]
  0x00000188eda093c0 WorkerThread "GC Thread#5"                     [id=4952, stack(0x000000011d300000,0x000000011d400000) (1024K)]
  0x00000188eda09770 WorkerThread "GC Thread#6"                     [id=8952, stack(0x000000011d400000,0x000000011d500000) (1024K)]
  0x00000188d4b9c8f0 WorkerThread "GC Thread#7"                     [id=19004, stack(0x000000011cb00000,0x000000011cc00000) (1024K)]
  0x00000188ec8b0880 WorkerThread "GC Thread#8"                     [id=19244, stack(0x000000011d800000,0x000000011d900000) (1024K)]
  0x00000188ec88e0a0 WorkerThread "GC Thread#9"                     [id=19248, stack(0x000000011d900000,0x000000011da00000) (1024K)]
Total: 12

Threads with active compile tasks:
Total: 0

VM state: not at safepoint (normal execution)

VM Mutex/Monitor currently owned by a thread: None

OutOfMemory and StackOverflow Exception counts:
OutOfMemoryError java_heap_errors=1
LinkageErrors=130

Heap address: 0x0000000080000000, size: 2048 MB, Compressed Oops mode: 32-bit

CDS archive(s) mapped at: [0x0000018880000000-0x0000018880ba0000-0x0000018880ba0000), size 12189696, SharedBaseAddress: 0x0000018880000000, ArchiveRelocationMode: 1.
Compressed class space mapped at: 0x0000018881000000-0x00000188c1000000, reserved size: 1073741824
Narrow klass base: 0x0000018880000000, Narrow klass shift: 0, Narrow klass range: 0x100000000

GC Precious Log:
 CardTable entry size: 512
 CPUs: 12 total, 12 available
 Memory: 16024M
 Large Page Support: Disabled
 NUMA Support: Disabled
 Compressed Oops: Enabled (32-bit)
 Alignments: Space 512K, Generation 512K, Heap 2M
 Heap Min Capacity: 100M
 Heap Initial Capacity: 100M
 Heap Max Capacity: 2G
 Pre-touch: Disabled
 Parallel Workers: 10

Heap:
 PSYoungGen      total 28160K, used 11889K [0x00000000d5580000, 0x00000000d7680000, 0x0000000100000000)
  eden space 23040K, 29% used [0x00000000d5580000,0x00000000d5c33a18,0x00000000d6c00000)
  from space 5120K, 98% used [0x00000000d6c00000,0x00000000d70e8ba0,0x00000000d7100000)
  to   space 5120K, 0% used [0x00000000d7180000,0x00000000d7180000,0x00000000d7680000)
 ParOldGen       total 99840K, used 99331K [0x0000000080000000, 0x0000000086180000, 0x00000000d5580000)
  object space 99840K, 99% used [0x0000000080000000,0x0000000086100df0,0x0000000086180000)
 Metaspace       used 75028K, committed 76416K, reserved 1179648K
  class space    used 7580K, committed 8192K, reserved 1048576K

Card table byte_map: [0x00000188d4480000,0x00000188d4890000] _byte_map_base: 0x00000188d4080000

Marking Bits: (ParMarkBitMap*) 0x00007ffe923944a0
 Begin Bits: [0x00000188e6f90000, 0x00000188e8f90000)
 End Bits:   [0x00000188e8f90000, 0x00000188eaf90000)

Polling page: 0x00000188d2890000

Metaspace:

Usage:
  Non-class:     65.87 MB used.
      Class:      7.40 MB used.
       Both:     73.27 MB used.

Virtual space:
  Non-class space:      128.00 MB reserved,      66.62 MB ( 52%) committed,  2 nodes.
      Class space:        1.00 GB reserved,       8.00 MB ( <1%) committed,  1 nodes.
             Both:        1.12 GB reserved,      74.62 MB (  6%) committed. 

Chunk freelists:
   Non-Class:  13.18 MB
       Class:  7.95 MB
        Both:  21.14 MB

MaxMetaspaceSize: unlimited
CompressedClassSpaceSize: 1.00 GB
Initial GC threshold: 21.00 MB
Current GC threshold: 117.44 MB
CDS: on
 - commit_granule_bytes: 65536.
 - commit_granule_words: 8192.
 - virtual_space_node_default_size: 8388608.
 - enlarge_chunks_in_place: 1.
 - use_allocation_guard: 0.


Internal statistics:

num_allocs_failed_limit: 9.
num_arena_births: 1480.
num_arena_deaths: 372.
num_vsnodes_births: 3.
num_vsnodes_deaths: 0.
num_space_committed: 1194.
num_space_uncommitted: 0.
num_chunks_returned_to_freelist: 414.
num_chunks_taken_from_freelist: 5163.
num_chunk_merges: 95.
num_chunk_splits: 2973.
num_chunks_enlarged: 1638.
num_inconsistent_stats: 0.

CodeHeap 'non-profiled nmethods': size=120000Kb used=17731Kb max_used=17731Kb free=102268Kb
 bounds [0x00000188df7b0000, 0x00000188e0910000, 0x00000188e6ce0000]
CodeHeap 'profiled nmethods': size=120000Kb used=35967Kb max_used=35967Kb free=84032Kb
 bounds [0x00000188d7ce0000, 0x00000188da000000, 0x00000188df210000]
CodeHeap 'non-nmethods': size=5760Kb used=1504Kb max_used=1569Kb free=4255Kb
 bounds [0x00000188df210000, 0x00000188df480000, 0x00000188df7b0000]
CodeCache: size=245760Kb, used=55202Kb, max_used=55267Kb, free=190555Kb
 total_blobs=15334, nmethods=14523, adapters=713, full_count=0
Compilation: enabled, stopped_count=0, restarted_count=0

Compilation events (20 events):
Event: 704.041 Thread 0x00000188ec8212b0 18043       3       org.eclipse.jdt.internal.core.builder.NameEnvironment::getModule (52 bytes)
Event: 704.041 Thread 0x00000188ec8212b0 nmethod 18043 0x00000188d9ff9a90 code [0x00000188d9ff9cc0, 0x00000188d9ffa440]
Event: 704.041 Thread 0x00000188ec8212b0 18044       3       org.eclipse.jdt.internal.core.builder.ClasspathJrt::getModule (9 bytes)
Event: 704.042 Thread 0x00000188ec8212b0 nmethod 18044 0x00000188d9ffa610 code [0x00000188d9ffa7e0, 0x00000188d9ffaaa8]
Event: 704.046 Thread 0x00000188d4b98f30 18045       4       org.eclipse.jdt.internal.compiler.lookup.CompilationUnitScope::typeToRecord (123 bytes)
Event: 704.048 Thread 0x00000188d4b98f30 nmethod 18045 0x00000188e08fc310 code [0x00000188e08fc4e0, 0x00000188e08fc890]
Event: 704.051 Thread 0x00000188d4b98f30 18046       4       org.eclipse.jdt.internal.compiler.lookup.CompilationUnitScope::recordSimpleReference (18 bytes)
Event: 704.052 Thread 0x00000188d4b98f30 nmethod 18046 0x00000188e08fcb10 code [0x00000188e08fcca0, 0x00000188e08fcd60]
Event: 704.052 Thread 0x00000188ec8212b0 18047       3       org.eclipse.core.internal.resources.MarkerManager::basicRemoveMarkers (209 bytes)
Event: 704.054 Thread 0x00000188ec8212b0 nmethod 18047 0x00000188d9ffac10 code [0x00000188d9ffaf60, 0x00000188d9ffc7c8]
Event: 704.071 Thread 0x00000188ec8212b0 18048       3       org.eclipse.debug.internal.core.LaunchManager$LaunchManagerVisitor::visit (204 bytes)
Event: 704.071 Thread 0x00000188d4b98f30 18049       4       org.eclipse.core.runtime.Path::append (147 bytes)
Event: 704.072 Thread 0x00000188ec8212b0 nmethod 18048 0x00000188d9ffd110 code [0x00000188d9ffd520, 0x00000188d9fff340]
Event: 704.077 Thread 0x00000188d4b98f30 nmethod 18049 0x00000188e08fce10 code [0x00000188e08fd080, 0x00000188e08fdb80]
Event: 704.529 Thread 0x00000188ec8212b0 18050       1       org.eclipse.jdt.ls.core.internal.preferences.Preferences::getDiagnosticFilter (5 bytes)
Event: 704.529 Thread 0x00000188ec8212b0 nmethod 18050 0x00000188e08fe290 code [0x00000188e08fe420, 0x00000188e08fe4f0]
Event: 709.966 Thread 0x00000188d4b98f30 18051       4       org.eclipse.core.internal.localstore.FileStoreRoot::createStore (90 bytes)
Event: 709.976 Thread 0x00000188d4b98f30 nmethod 18051 0x00000188e08fe590 code [0x00000188e08fe7c0, 0x00000188e08ff038]
Event: 709.976 Thread 0x00000188d4b98f30 18052   !   4       org.eclipse.core.internal.localstore.FileSystemResourceManager::getStore (32 bytes)
Event: 709.988 Thread 0x00000188d4b98f30 nmethod 18052 0x00000188e08ff790 code [0x00000188e08ffa00, 0x00000188e09004d0]

GC Heap History (20 events):
Event: 683.002 GC heap before
{Heap before GC invocations=611 (full 5):
 PSYoungGen      total 25088K, used 25072K [0x00000000d5580000, 0x00000000d7500000, 0x0000000100000000)
  eden space 21504K, 100% used [0x00000000d5580000,0x00000000d6a80000,0x00000000d6a80000)
  from space 3584K, 99% used [0x00000000d6a80000,0x00000000d6dfc050,0x00000000d6e00000)
  to   space 5120K, 0% used [0x00000000d7000000,0x00000000d7000000,0x00000000d7500000)
 ParOldGen       total 95232K, used 95169K [0x0000000080000000, 0x0000000085d00000, 0x00000000d5580000)
  object space 95232K, 99% used [0x0000000080000000,0x0000000085cf0438,0x0000000085d00000)
 Metaspace       used 74797K, committed 76160K, reserved 1179648K
  class space    used 7556K, committed 8192K, reserved 1048576K
}
Event: 683.005 GC heap after
{Heap after GC invocations=611 (full 5):
 PSYoungGen      total 25600K, used 3152K [0x00000000d5580000, 0x00000000d7380000, 0x0000000100000000)
  eden space 22016K, 0% used [0x00000000d5580000,0x00000000d5580000,0x00000000d6b00000)
  from space 3584K, 87% used [0x00000000d7000000,0x00000000d7314030,0x00000000d7380000)
  to   space 4096K, 0% used [0x00000000d6b80000,0x00000000d6b80000,0x00000000d6f80000)
 ParOldGen       total 95744K, used 95677K [0x0000000080000000, 0x0000000085d80000, 0x00000000d5580000)
  object space 95744K, 99% used [0x0000000080000000,0x0000000085d6f400,0x0000000085d80000)
 Metaspace       used 74797K, committed 76160K, reserved 1179648K
  class space    used 7556K, committed 8192K, reserved 1048576K
}
Event: 683.558 GC heap before
{Heap before GC invocations=612 (full 5):
 PSYoungGen      total 25600K, used 25168K [0x00000000d5580000, 0x00000000d7380000, 0x0000000100000000)
  eden space 22016K, 100% used [0x00000000d5580000,0x00000000d6b00000,0x00000000d6b00000)
  from space 3584K, 87% used [0x00000000d7000000,0x00000000d7314030,0x00000000d7380000)
  to   space 4096K, 0% used [0x00000000d6b80000,0x00000000d6b80000,0x00000000d6f80000)
 ParOldGen       total 95744K, used 95677K [0x0000000080000000, 0x0000000085d80000, 0x00000000d5580000)
  object space 95744K, 99% used [0x0000000080000000,0x0000000085d6f400,0x0000000085d80000)
 Metaspace       used 74810K, committed 76160K, reserved 1179648K
  class space    used 7556K, committed 8192K, reserved 1048576K
}
Event: 683.561 GC heap after
{Heap after GC invocations=612 (full 5):
 PSYoungGen      total 26624K, used 4080K [0x00000000d5580000, 0x00000000d7680000, 0x0000000100000000)
  eden space 22528K, 0% used [0x00000000d5580000,0x00000000d5580000,0x00000000d6b80000)
  from space 4096K, 99% used [0x00000000d6b80000,0x00000000d6f7c030,0x00000000d6f80000)
  to   space 5632K, 0% used [0x00000000d7100000,0x00000000d7100000,0x00000000d7680000)
 ParOldGen       total 96768K, used 96530K [0x0000000080000000, 0x0000000085e80000, 0x00000000d5580000)
  object space 96768K, 99% used [0x0000000080000000,0x0000000085e44908,0x0000000085e80000)
 Metaspace       used 74810K, committed 76160K, reserved 1179648K
  class space    used 7556K, committed 8192K, reserved 1048576K
}
Event: 684.381 GC heap before
{Heap before GC invocations=613 (full 5):
 PSYoungGen      total 26624K, used 26608K [0x00000000d5580000, 0x00000000d7680000, 0x0000000100000000)
  eden space 22528K, 100% used [0x00000000d5580000,0x00000000d6b80000,0x00000000d6b80000)
  from space 4096K, 99% used [0x00000000d6b80000,0x00000000d6f7c030,0x00000000d6f80000)
  to   space 5632K, 0% used [0x00000000d7100000,0x00000000d7100000,0x00000000d7680000)
 ParOldGen       total 96768K, used 96530K [0x0000000080000000, 0x0000000085e80000, 0x00000000d5580000)
  object space 96768K, 99% used [0x0000000080000000,0x0000000085e44908,0x0000000085e80000)
 Metaspace       used 74824K, committed 76160K, reserved 1179648K
  class space    used 7556K, committed 8192K, reserved 1048576K
}
Event: 684.384 GC heap after
{Heap after GC invocations=613 (full 5):
 PSYoungGen      total 27648K, used 4240K [0x00000000d5580000, 0x00000000d7580000, 0x0000000100000000)
  eden space 23040K, 0% used [0x00000000d5580000,0x00000000d5580000,0x00000000d6c00000)
  from space 4608K, 92% used [0x00000000d7100000,0x00000000d7524030,0x00000000d7580000)
  to   space 4608K, 0% used [0x00000000d6c80000,0x00000000d6c80000,0x00000000d7100000)
 ParOldGen       total 97280K, used 97240K [0x0000000080000000, 0x0000000085f00000, 0x00000000d5580000)
  object space 97280K, 99% used [0x0000000080000000,0x0000000085ef6108,0x0000000085f00000)
 Metaspace       used 74824K, committed 76160K, reserved 1179648K
  class space    used 7556K, committed 8192K, reserved 1048576K
}
Event: 686.334 GC heap before
{Heap before GC invocations=614 (full 5):
 PSYoungGen      total 27648K, used 27280K [0x00000000d5580000, 0x00000000d7580000, 0x0000000100000000)
  eden space 23040K, 100% used [0x00000000d5580000,0x00000000d6c00000,0x00000000d6c00000)
  from space 4608K, 92% used [0x00000000d7100000,0x00000000d7524030,0x00000000d7580000)
  to   space 4608K, 0% used [0x00000000d6c80000,0x00000000d6c80000,0x00000000d7100000)
 ParOldGen       total 97280K, used 97240K [0x0000000080000000, 0x0000000085f00000, 0x00000000d5580000)
  object space 97280K, 99% used [0x0000000080000000,0x0000000085ef6108,0x0000000085f00000)
 Metaspace       used 74833K, committed 76224K, reserved 1179648K
  class space    used 7556K, committed 8192K, reserved 1048576K
}
Event: 686.336 GC heap after
{Heap after GC invocations=614 (full 5):
 PSYoungGen      total 28160K, used 4096K [0x00000000d5580000, 0x00000000d7580000, 0x0000000100000000)
  eden space 23552K, 0% used [0x00000000d5580000,0x00000000d5580000,0x00000000d6c80000)
  from space 4608K, 88% used [0x00000000d6c80000,0x00000000d7080020,0x00000000d7100000)
  to   space 4608K, 0% used [0x00000000d7100000,0x00000000d7100000,0x00000000d7580000)
 ParOldGen       total 97280K, used 97240K [0x0000000080000000, 0x0000000085f00000, 0x00000000d5580000)
  object space 97280K, 99% used [0x0000000080000000,0x0000000085ef6108,0x0000000085f00000)
 Metaspace       used 74833K, committed 76224K, reserved 1179648K
  class space    used 7556K, committed 8192K, reserved 1048576K
}
Event: 689.292 GC heap before
{Heap before GC invocations=615 (full 5):
 PSYoungGen      total 28160K, used 27648K [0x00000000d5580000, 0x00000000d7580000, 0x0000000100000000)
  eden space 23552K, 100% used [0x00000000d5580000,0x00000000d6c80000,0x00000000d6c80000)
  from space 4608K, 88% used [0x00000000d6c80000,0x00000000d7080020,0x00000000d7100000)
  to   space 4608K, 0% used [0x00000000d7100000,0x00000000d7100000,0x00000000d7580000)
 ParOldGen       total 97280K, used 97240K [0x0000000080000000, 0x0000000085f00000, 0x00000000d5580000)
  object space 97280K, 99% used [0x0000000080000000,0x0000000085ef6108,0x0000000085f00000)
 Metaspace       used 74842K, committed 76224K, reserved 1179648K
  class space    used 7556K, committed 8192K, reserved 1048576K
}
Event: 689.294 GC heap after
{Heap after GC invocations=615 (full 5):
 PSYoungGen      total 28160K, used 3712K [0x00000000d5580000, 0x00000000d7500000, 0x0000000100000000)
  eden space 24064K, 0% used [0x00000000d5580000,0x00000000d5580000,0x00000000d6d00000)
  from space 4096K, 90% used [0x00000000d7100000,0x00000000d74a0000,0x00000000d7500000)
  to   space 4096K, 0% used [0x00000000d6d00000,0x00000000d6d00000,0x00000000d7100000)
 ParOldGen       total 97280K, used 97240K [0x0000000080000000, 0x0000000085f00000, 0x00000000d5580000)
  object space 97280K, 99% used [0x0000000080000000,0x0000000085ef6108,0x0000000085f00000)
 Metaspace       used 74842K, committed 76224K, reserved 1179648K
  class space    used 7556K, committed 8192K, reserved 1048576K
}
Event: 691.021 GC heap before
{Heap before GC invocations=616 (full 5):
 PSYoungGen      total 28160K, used 27776K [0x00000000d5580000, 0x00000000d7500000, 0x0000000100000000)
  eden space 24064K, 100% used [0x00000000d5580000,0x00000000d6d00000,0x00000000d6d00000)
  from space 4096K, 90% used [0x00000000d7100000,0x00000000d74a0000,0x00000000d7500000)
  to   space 4096K, 0% used [0x00000000d6d00000,0x00000000d6d00000,0x00000000d7100000)
 ParOldGen       total 97280K, used 97240K [0x0000000080000000, 0x0000000085f00000, 0x00000000d5580000)
  object space 97280K, 99% used [0x0000000080000000,0x0000000085ef6108,0x0000000085f00000)
 Metaspace       used 74844K, committed 76224K, reserved 1179648K
  class space    used 7556K, committed 8192K, reserved 1048576K
}
Event: 691.023 GC heap after
{Heap after GC invocations=616 (full 5):
 PSYoungGen      total 28160K, used 3744K [0x00000000d5580000, 0x00000000d7580000, 0x0000000100000000)
  eden space 24064K, 0% used [0x00000000d5580000,0x00000000d5580000,0x00000000d6d00000)
  from space 4096K, 91% used [0x00000000d6d00000,0x00000000d70a8020,0x00000000d7100000)
  to   space 4096K, 0% used [0x00000000d7180000,0x00000000d7180000,0x00000000d7580000)
 ParOldGen       total 97280K, used 97248K [0x0000000080000000, 0x0000000085f00000, 0x00000000d5580000)
  object space 97280K, 99% used [0x0000000080000000,0x0000000085ef8108,0x0000000085f00000)
 Metaspace       used 74844K, committed 76224K, reserved 1179648K
  class space    used 7556K, committed 8192K, reserved 1048576K
}
Event: 694.169 GC heap before
{Heap before GC invocations=617 (full 5):
 PSYoungGen      total 28160K, used 27808K [0x00000000d5580000, 0x00000000d7580000, 0x0000000100000000)
  eden space 24064K, 100% used [0x00000000d5580000,0x00000000d6d00000,0x00000000d6d00000)
  from space 4096K, 91% used [0x00000000d6d00000,0x00000000d70a8020,0x00000000d7100000)
  to   space 4096K, 0% used [0x00000000d7180000,0x00000000d7180000,0x00000000d7580000)
 ParOldGen       total 97280K, used 97248K [0x0000000080000000, 0x0000000085f00000, 0x00000000d5580000)
  object space 97280K, 99% used [0x0000000080000000,0x0000000085ef8108,0x0000000085f00000)
 Metaspace       used 74863K, committed 76224K, reserved 1179648K
  class space    used 7556K, committed 8192K, reserved 1048576K
}
Event: 694.171 GC heap after
{Heap after GC invocations=617 (full 5):
 PSYoungGen      total 27136K, used 4080K [0x00000000d5580000, 0x00000000d7880000, 0x0000000100000000)
  eden space 23040K, 0% used [0x00000000d5580000,0x00000000d5580000,0x00000000d6c00000)
  from space 4096K, 99% used [0x00000000d7180000,0x00000000d757c030,0x00000000d7580000)
  to   space 5632K, 0% used [0x00000000d6c00000,0x00000000d6c00000,0x00000000d7180000)
 ParOldGen       total 98304K, used 98135K [0x0000000080000000, 0x0000000086000000, 0x00000000d5580000)
  object space 98304K, 99% used [0x0000000080000000,0x0000000085fd5f80,0x0000000086000000)
 Metaspace       used 74863K, committed 76224K, reserved 1179648K
  class space    used 7556K, committed 8192K, reserved 1048576K
}
Event: 695.704 GC heap before
{Heap before GC invocations=618 (full 5):
 PSYoungGen      total 27136K, used 27120K [0x00000000d5580000, 0x00000000d7880000, 0x0000000100000000)
  eden space 23040K, 100% used [0x00000000d5580000,0x00000000d6c00000,0x00000000d6c00000)
  from space 4096K, 99% used [0x00000000d7180000,0x00000000d757c030,0x00000000d7580000)
  to   space 5632K, 0% used [0x00000000d6c00000,0x00000000d6c00000,0x00000000d7180000)
 ParOldGen       total 98304K, used 98135K [0x0000000080000000, 0x0000000086000000, 0x00000000d5580000)
  object space 98304K, 99% used [0x0000000080000000,0x0000000085fd5f80,0x0000000086000000)
 Metaspace       used 74878K, committed 76224K, reserved 1179648K
  class space    used 7556K, committed 8192K, reserved 1048576K
}
Event: 695.706 GC heap after
{Heap after GC invocations=618 (full 5):
 PSYoungGen      total 27648K, used 4096K [0x00000000d5580000, 0x00000000d7580000, 0x0000000100000000)
  eden space 23040K, 0% used [0x00000000d5580000,0x00000000d5580000,0x00000000d6c00000)
  from space 4608K, 88% used [0x00000000d6c00000,0x00000000d7000040,0x00000000d7080000)
  to   space 4608K, 0% used [0x00000000d7100000,0x00000000d7100000,0x00000000d7580000)
 ParOldGen       total 99328K, used 99155K [0x0000000080000000, 0x0000000086100000, 0x00000000d5580000)
  object space 99328K, 99% used [0x0000000080000000,0x00000000860d4dd0,0x0000000086100000)
 Metaspace       used 74878K, committed 76224K, reserved 1179648K
  class space    used 7556K, committed 8192K, reserved 1048576K
}
Event: 699.144 GC heap before
{Heap before GC invocations=619 (full 5):
 PSYoungGen      total 27648K, used 27136K [0x00000000d5580000, 0x00000000d7580000, 0x0000000100000000)
  eden space 23040K, 100% used [0x00000000d5580000,0x00000000d6c00000,0x00000000d6c00000)
  from space 4608K, 88% used [0x00000000d6c00000,0x00000000d7000040,0x00000000d7080000)
  to   space 4608K, 0% used [0x00000000d7100000,0x00000000d7100000,0x00000000d7580000)
 ParOldGen       total 99328K, used 99155K [0x0000000080000000, 0x0000000086100000, 0x00000000d5580000)
  object space 99328K, 99% used [0x0000000080000000,0x00000000860d4dd0,0x0000000086100000)
 Metaspace       used 74887K, committed 76224K, reserved 1179648K
  class space    used 7556K, committed 8192K, reserved 1048576K
}
Event: 699.146 GC heap after
{Heap after GC invocations=619 (full 5):
 PSYoungGen      total 27648K, used 4576K [0x00000000d5580000, 0x00000000d7680000, 0x0000000100000000)
  eden space 23040K, 0% used [0x00000000d5580000,0x00000000d5580000,0x00000000d6c00000)
  from space 4608K, 99% used [0x00000000d7100000,0x00000000d7578020,0x00000000d7580000)
  to   space 5120K, 0% used [0x00000000d6c00000,0x00000000d6c00000,0x00000000d7100000)
 ParOldGen       total 99328K, used 99323K [0x0000000080000000, 0x0000000086100000, 0x00000000d5580000)
  object space 99328K, 99% used [0x0000000080000000,0x00000000860fedf0,0x0000000086100000)
 Metaspace       used 74887K, committed 76224K, reserved 1179648K
  class space    used 7556K, committed 8192K, reserved 1048576K
}
Event: 704.289 GC heap before
{Heap before GC invocations=620 (full 5):
 PSYoungGen      total 27648K, used 27616K [0x00000000d5580000, 0x00000000d7680000, 0x0000000100000000)
  eden space 23040K, 100% used [0x00000000d5580000,0x00000000d6c00000,0x00000000d6c00000)
  from space 4608K, 99% used [0x00000000d7100000,0x00000000d7578020,0x00000000d7580000)
  to   space 5120K, 0% used [0x00000000d6c00000,0x00000000d6c00000,0x00000000d7100000)
 ParOldGen       total 99328K, used 99323K [0x0000000080000000, 0x0000000086100000, 0x00000000d5580000)
  object space 99328K, 99% used [0x0000000080000000,0x00000000860fedf0,0x0000000086100000)
 Metaspace       used 75028K, committed 76416K, reserved 1179648K
  class space    used 7580K, committed 8192K, reserved 1048576K
}
Event: 704.291 GC heap after
{Heap after GC invocations=620 (full 5):
 PSYoungGen      total 28160K, used 5026K [0x00000000d5580000, 0x00000000d7680000, 0x0000000100000000)
  eden space 23040K, 0% used [0x00000000d5580000,0x00000000d5580000,0x00000000d6c00000)
  from space 5120K, 98% used [0x00000000d6c00000,0x00000000d70e8ba0,0x00000000d7100000)
  to   space 5120K, 0% used [0x00000000d7180000,0x00000000d7180000,0x00000000d7680000)
 ParOldGen       total 99840K, used 99331K [0x0000000080000000, 0x0000000086180000, 0x00000000d5580000)
  object space 99840K, 99% used [0x0000000080000000,0x0000000086100df0,0x0000000086180000)
 Metaspace       used 75028K, committed 76416K, reserved 1179648K
  class space    used 7580K, committed 8192K, reserved 1048576K
}

Dll operation events (20 events):
Event: 0.130 Attempting to load shared library C:\Users\gabon\.vscode\extensions\redhat.java-1.56.0-win32-x64\jre\21.0.12.1-win32-x86_64\bin\nio.dll
Event: 0.131 Loaded shared library C:\Users\gabon\.vscode\extensions\redhat.java-1.56.0-win32-x64\jre\21.0.12.1-win32-x86_64\bin\nio.dll
Event: 0.133 Attempting to load shared library C:\Users\gabon\.vscode\extensions\redhat.java-1.56.0-win32-x64\jre\21.0.12.1-win32-x86_64\bin\zip.dll
Event: 0.133 Loaded shared library C:\Users\gabon\.vscode\extensions\redhat.java-1.56.0-win32-x64\jre\21.0.12.1-win32-x86_64\bin\zip.dll
Event: 0.155 Attempting to load shared library C:\Users\gabon\.vscode\extensions\redhat.java-1.56.0-win32-x64\jre\21.0.12.1-win32-x86_64\bin\jimage.dll
Event: 0.155 Loaded shared library C:\Users\gabon\.vscode\extensions\redhat.java-1.56.0-win32-x64\jre\21.0.12.1-win32-x86_64\bin\jimage.dll
Event: 0.235 Attempting to load shared library c:\Users\gabon\.vscode\extensions\redhat.java-1.56.0-win32-x64\jre\21.0.12.1-win32-x86_64\bin\verify.dll
Event: 0.236 Loaded shared library c:\Users\gabon\.vscode\extensions\redhat.java-1.56.0-win32-x64\jre\21.0.12.1-win32-x86_64\bin\verify.dll
Event: 20.246 Attempting to load shared library C:\Users\gabon\AppData\Roaming\Code\User\globalStorage\redhat.java\1.56.0\config_win\org.eclipse.equinox.launcher\org.eclipse.equinox.launcher.win32.win32.x86_64_1.3.100.v20260804-1928\eclipse_11924.dll
Event: 20.379 Loaded shared library C:\Users\gabon\AppData\Roaming\Code\User\globalStorage\redhat.java\1.56.0\config_win\org.eclipse.equinox.launcher\org.eclipse.equinox.launcher.win32.win32.x86_64_1.3.100.v20260804-1928\eclipse_11924.dll
Event: 43.739 Attempting to load shared library C:\Users\gabon\.vscode\extensions\redhat.java-1.56.0-win32-x64\jre\21.0.12.1-win32-x86_64\bin\management.dll
Event: 43.739 Loaded shared library C:\Users\gabon\.vscode\extensions\redhat.java-1.56.0-win32-x64\jre\21.0.12.1-win32-x86_64\bin\management.dll
Event: 43.741 Attempting to load shared library C:\Users\gabon\.vscode\extensions\redhat.java-1.56.0-win32-x64\jre\21.0.12.1-win32-x86_64\bin\management_ext.dll
Event: 43.741 Loaded shared library C:\Users\gabon\.vscode\extensions\redhat.java-1.56.0-win32-x64\jre\21.0.12.1-win32-x86_64\bin\management_ext.dll
Event: 44.863 Attempting to load shared library C:\Users\gabon\AppData\Local\Temp\jna-98110119\jna6775648682145233058.dll
Event: 45.014 Loaded shared library C:\Users\gabon\AppData\Local\Temp\jna-98110119\jna6775648682145233058.dll
Event: 45.562 Attempting to load shared library C:\Users\gabon\.vscode\extensions\redhat.java-1.56.0-win32-x64\jre\21.0.12.1-win32-x86_64\bin\sunmscapi.dll
Event: 45.584 Loaded shared library C:\Users\gabon\.vscode\extensions\redhat.java-1.56.0-win32-x64\jre\21.0.12.1-win32-x86_64\bin\sunmscapi.dll
Event: 46.047 Attempting to load shared library C:\Users\gabon\.vscode\extensions\redhat.java-1.56.0-win32-x64\jre\21.0.12.1-win32-x86_64\bin\extnet.dll
Event: 46.103 Loaded shared library C:\Users\gabon\.vscode\extensions\redhat.java-1.56.0-win32-x64\jre\21.0.12.1-win32-x86_64\bin\extnet.dll

Deoptimization events (20 events):
Event: 701.981 Thread 0x00000188f5eb6640 Uncommon trap: trap_request=0xffffff45 fr.pc=0x00000188e0727524 relative=0x0000000000000244
Event: 701.981 Thread 0x00000188f5eb6640 Uncommon trap: reason=unstable_if action=reinterpret pc=0x00000188e0727524 method=org.eclipse.jface.text.DefaultLineTracker.nextDelimiterInfo(Ljava/lang/String;I)Lorg/eclipse/jface/text/AbstractLineTracker$DelimiterInfo; @ 118 c2
Event: 701.981 Thread 0x00000188f5eb6640 DEOPT PACKING pc=0x00000188e0727524 sp=0x00000001207feb60
Event: 701.981 Thread 0x00000188f5eb6640 DEOPT UNPACKING pc=0x00000188df263aa2 sp=0x00000001207fea80 mode 2
Event: 701.981 Thread 0x00000188f5eb6640 Uncommon trap: trap_request=0xffffff45 fr.pc=0x00000188df884fdc relative=0x00000000000001fc
Event: 701.981 Thread 0x00000188f5eb6640 Uncommon trap: reason=unstable_if action=reinterpret pc=0x00000188df884fdc method=org.eclipse.jface.text.DefaultLineTracker.nextDelimiterInfo(Ljava/lang/String;I)Lorg/eclipse/jface/text/AbstractLineTracker$DelimiterInfo; @ 118 c2
Event: 701.981 Thread 0x00000188f5eb6640 DEOPT PACKING pc=0x00000188df884fdc sp=0x00000001207feaf0
Event: 701.981 Thread 0x00000188f5eb6640 DEOPT UNPACKING pc=0x00000188df263aa2 sp=0x00000001207fea80 mode 2
Event: 701.983 Thread 0x00000188f5eb6640 Uncommon trap: trap_request=0xffffffde fr.pc=0x00000188e04a7650 relative=0x0000000000000a50
Event: 701.983 Thread 0x00000188f5eb6640 Uncommon trap: reason=class_check action=maybe_recompile pc=0x00000188e04a7650 method=org.eclipse.jdt.ls.core.internal.handlers.JsonRpcHelpers.toLine(Lorg/eclipse/jface/text/IDocument;I)[I @ 6 c2
Event: 701.983 Thread 0x00000188f5eb6640 DEOPT PACKING pc=0x00000188e04a7650 sp=0x00000001207fedf0
Event: 701.983 Thread 0x00000188f5eb6640 DEOPT UNPACKING pc=0x00000188df263aa2 sp=0x00000001207fedc8 mode 2
Event: 701.983 Thread 0x00000188f5eb6640 Uncommon trap: trap_request=0xffffffde fr.pc=0x00000188e04a47c8 relative=0x00000000000010a8
Event: 701.983 Thread 0x00000188f5eb6640 Uncommon trap: reason=class_check action=maybe_recompile pc=0x00000188e04a47c8 method=org.eclipse.jdt.ls.core.internal.handlers.JsonRpcHelpers.toDocument(Lorg/eclipse/jdt/core/IBuffer;)Lorg/eclipse/jface/text/IDocument; @ 21 c2
Event: 701.983 Thread 0x00000188f5eb6640 DEOPT PACKING pc=0x00000188e04a47c8 sp=0x00000001207fee60
Event: 701.983 Thread 0x00000188f5eb6640 DEOPT UNPACKING pc=0x00000188df263aa2 sp=0x00000001207fedd8 mode 2
Event: 701.984 Thread 0x00000188f5eb6640 Uncommon trap: trap_request=0xffffffde fr.pc=0x00000188e04a7650 relative=0x0000000000000a50
Event: 701.984 Thread 0x00000188f5eb6640 Uncommon trap: reason=class_check action=maybe_recompile pc=0x00000188e04a7650 method=org.eclipse.jdt.ls.core.internal.handlers.JsonRpcHelpers.toLine(Lorg/eclipse/jface/text/IDocument;I)[I @ 6 c2
Event: 701.984 Thread 0x00000188f5eb6640 DEOPT PACKING pc=0x00000188e04a7650 sp=0x00000001207fedf0
Event: 701.984 Thread 0x00000188f5eb6640 DEOPT UNPACKING pc=0x00000188df263aa2 sp=0x00000001207fedc8 mode 2

Classes loaded (20 events):
Event: 107.932 Loading class java/util/stream/ReduceOps$CountingSink$OfRef
Event: 107.932 Loading class java/util/stream/ReduceOps$CountingSink
Event: 107.932 Loading class java/util/stream/ReduceOps$CountingSink done
Event: 107.932 Loading class java/util/stream/ReduceOps$CountingSink$OfRef done
Event: 108.233 Loading class java/util/stream/DistinctOps
Event: 108.233 Loading class java/util/stream/DistinctOps done
Event: 108.233 Loading class java/util/stream/DistinctOps$1
Event: 108.233 Loading class java/util/stream/DistinctOps$1 done
Event: 108.237 Loading class java/util/stream/DistinctOps$1$2
Event: 108.237 Loading class java/util/stream/DistinctOps$1$2 done
Event: 180.781 Loading class java/lang/StackStreamFactory$CallerClassFinder
Event: 180.781 Loading class java/lang/StackStreamFactory$CallerClassFinder done
Event: 180.781 Loading class java/lang/StackStreamFactory$CallerClassFinder$ClassBuffer
Event: 180.781 Loading class java/lang/StackStreamFactory$CallerClassFinder$ClassBuffer done
Event: 525.840 Loading class java/util/concurrent/ConcurrentHashMap$TreeNode
Event: 525.841 Loading class java/util/concurrent/ConcurrentHashMap$TreeNode done
Event: 525.841 Loading class java/util/concurrent/ConcurrentHashMap$TreeBin
Event: 525.841 Loading class java/util/concurrent/ConcurrentHashMap$TreeBin done
Event: 584.013 Loading class java/nio/channels/CompletionHandler
Event: 584.013 Loading class java/nio/channels/CompletionHandler done

Classes unloaded (20 events):
Event: 180.494 Thread 0x00000188d4b84c00 Unloading class 0x0000018881014800 'java/lang/invoke/LambdaForm$MH+0x0000018881014800'
Event: 180.494 Thread 0x00000188d4b84c00 Unloading class 0x000001888100d800 'java/lang/invoke/LambdaForm$MH+0x000001888100d800'
Event: 180.494 Thread 0x00000188d4b84c00 Unloading class 0x000001888100d400 'java/lang/invoke/LambdaForm$MH+0x000001888100d400'
Event: 180.494 Thread 0x00000188d4b84c00 Unloading class 0x000001888100d000 'java/lang/invoke/LambdaForm$MH+0x000001888100d000'
Event: 180.494 Thread 0x00000188d4b84c00 Unloading class 0x000001888100cc00 'java/lang/invoke/LambdaForm$MH+0x000001888100cc00'
Event: 180.494 Thread 0x00000188d4b84c00 Unloading class 0x000001888100c800 'java/lang/invoke/LambdaForm$BMH+0x000001888100c800'
Event: 180.494 Thread 0x00000188d4b84c00 Unloading class 0x000001888100c000 'java/lang/invoke/LambdaForm$DMH+0x000001888100c000'
Event: 180.494 Thread 0x00000188d4b84c00 Unloading class 0x0000018881008c00 'java/lang/invoke/LambdaForm$MH+0x0000018881008c00'
Event: 180.494 Thread 0x00000188d4b84c00 Unloading class 0x0000018881008800 'java/lang/invoke/LambdaForm$MH+0x0000018881008800'
Event: 180.494 Thread 0x00000188d4b84c00 Unloading class 0x0000018881008400 'java/lang/invoke/LambdaForm$MH+0x0000018881008400'
Event: 180.494 Thread 0x00000188d4b84c00 Unloading class 0x0000018881007000 'java/lang/invoke/LambdaForm$MH+0x0000018881007000'
Event: 180.494 Thread 0x00000188d4b84c00 Unloading class 0x0000018881006800 'java/lang/invoke/LambdaForm$MH+0x0000018881006800'
Event: 180.494 Thread 0x00000188d4b84c00 Unloading class 0x0000018881006400 'java/lang/invoke/LambdaForm$MH+0x0000018881006400'
Event: 180.494 Thread 0x00000188d4b84c00 Unloading class 0x0000018881006000 'java/lang/invoke/LambdaForm$MH+0x0000018881006000'
Event: 180.494 Thread 0x00000188d4b84c00 Unloading class 0x0000018881005c00 'java/lang/invoke/LambdaForm$BMH+0x0000018881005c00'
Event: 180.494 Thread 0x00000188d4b84c00 Unloading class 0x0000018881004800 'java/lang/invoke/LambdaForm$DMH+0x0000018881004800'
Event: 180.494 Thread 0x00000188d4b84c00 Unloading class 0x0000018881002400 'java/lang/invoke/LambdaForm$MH+0x0000018881002400'
Event: 180.494 Thread 0x00000188d4b84c00 Unloading class 0x0000018881002000 'java/lang/invoke/LambdaForm$MH+0x0000018881002000'
Event: 180.494 Thread 0x00000188d4b84c00 Unloading class 0x0000018881001800 'java/lang/invoke/LambdaForm$MH+0x0000018881001800'
Event: 180.494 Thread 0x00000188d4b84c00 Unloading class 0x0000018881000400 'java/lang/invoke/LambdaForm$MH+0x0000018881000400'

Classes redefined (0 events):
No events

Internal exceptions (20 events):
Event: 592.603 Thread 0x00000188f21be810 Exception <a 'java/io/FileNotFoundException'{0x00000000d625da50}> (0x00000000d625da50) 
thrown [s\src\hotspot\share\prims\jni.cpp, line 520]
Event: 655.741 Thread 0x00000188f3c00b00 Exception <a 'java/lang/ArrayIndexOutOfBoundsException'{0x00000000d5e1df00}> (0x00000000d5e1df00) 
thrown [s\src\hotspot\share\runtime\sharedRuntime.cpp, line 625]
Event: 655.745 Thread 0x00000188f3c00b00 Exception <a 'java/lang/ArrayIndexOutOfBoundsException'{0x00000000d5ec9658}> (0x00000000d5ec9658) 
thrown [s\src\hotspot\share\runtime\sharedRuntime.cpp, line 625]
Event: 655.746 Thread 0x00000188f3c00b00 Exception <a 'java/lang/ArrayIndexOutOfBoundsException'{0x00000000d5ed5cd8}> (0x00000000d5ed5cd8) 
thrown [s\src\hotspot\share\runtime\sharedRuntime.cpp, line 625]
Event: 655.746 Thread 0x00000188f3c00b00 Exception <a 'java/lang/ArrayIndexOutOfBoundsException'{0x00000000d5ed62b0}> (0x00000000d5ed62b0) 
thrown [s\src\hotspot\share\runtime\sharedRuntime.cpp, line 625]
Event: 655.747 Thread 0x00000188f3c01190 Exception <a 'java/io/FileNotFoundException'{0x00000000d5f12918}> (0x00000000d5f12918) 
thrown [s\src\hotspot\share\prims\jni.cpp, line 520]
Event: 655.964 Thread 0x00000188f5ba32d0 Implicit null exception at 0x00000188e01ef1a3 to 0x00000188e01ef44d
Event: 659.327 Thread 0x00000188f5ba0b70 Exception <a 'java/io/FileNotFoundException'{0x00000000d66b8eb8}> (0x00000000d66b8eb8) 
thrown [s\src\hotspot\share\prims\jni.cpp, line 520]
Event: 668.511 Thread 0x00000188f5eb6640 Implicit null exception at 0x00000188e07c4c5e to 0x00000188e07c4ce1
Event: 668.513 Thread 0x00000188f5eb6640 Implicit null exception at 0x00000188e0785d33 to 0x00000188e0785e2b
Event: 669.693 Thread 0x00000188f21be810 Exception <a 'java/io/FileNotFoundException'{0x00000000d6416160}> (0x00000000d6416160) 
thrown [s\src\hotspot\share\prims\jni.cpp, line 520]
Event: 669.698 Thread 0x00000188f21be810 Exception <a 'java/io/FileNotFoundException'{0x00000000d64ad120}> (0x00000000d64ad120) 
thrown [s\src\hotspot\share\prims\jni.cpp, line 520]
Event: 670.519 Thread 0x00000188f3c01190 Exception <a 'java/io/FileNotFoundException'{0x00000000d62c7f50}> (0x00000000d62c7f50) 
thrown [s\src\hotspot\share\prims\jni.cpp, line 520]
Event: 679.296 Thread 0x00000188f21be810 Exception <a 'java/io/FileNotFoundException'{0x00000000d64684c8}> (0x00000000d64684c8) 
thrown [s\src\hotspot\share\prims\jni.cpp, line 520]
Event: 679.313 Thread 0x00000188f21be810 Exception <a 'java/io/FileNotFoundException'{0x00000000d6548f00}> (0x00000000d6548f00) 
thrown [s\src\hotspot\share\prims\jni.cpp, line 520]
Event: 681.060 Thread 0x00000188f5ba0b70 Exception <a 'java/io/FileNotFoundException'{0x00000000d5c3a548}> (0x00000000d5c3a548) 
thrown [s\src\hotspot\share\prims\jni.cpp, line 520]
Event: 698.549 Thread 0x00000188f21be810 Exception <a 'java/io/FileNotFoundException'{0x00000000d65fdd60}> (0x00000000d65fdd60) 
thrown [s\src\hotspot\share\prims\jni.cpp, line 520]
Event: 698.553 Thread 0x00000188f21be810 Exception <a 'java/io/FileNotFoundException'{0x00000000d6694d20}> (0x00000000d6694d20) 
thrown [s\src\hotspot\share\prims\jni.cpp, line 520]
Event: 703.912 Thread 0x00000188f21be810 Exception <a 'java/io/FileNotFoundException'{0x00000000d63deef8}> (0x00000000d63deef8) 
thrown [s\src\hotspot\share\prims\jni.cpp, line 520]
Event: 703.917 Thread 0x00000188f21be810 Exception <a 'java/io/FileNotFoundException'{0x00000000d64744a0}> (0x00000000d64744a0) 
thrown [s\src\hotspot\share\prims\jni.cpp, line 520]

ZGC Phase Switch (0 events):
No events

VM Operations (20 events):
Event: 694.169 Executing safepoint VM operation: ParallelGCFailedAllocation (Allocation Failure)
Event: 694.171 Executing safepoint VM operation: ParallelGCFailedAllocation (Allocation Failure) done
Event: 695.172 Executing safepoint VM operation: Cleanup
Event: 695.172 Executing safepoint VM operation: Cleanup done
Event: 695.704 Executing safepoint VM operation: ParallelGCFailedAllocation (Allocation Failure)
Event: 695.707 Executing safepoint VM operation: ParallelGCFailedAllocation (Allocation Failure) done
Event: 696.709 Executing safepoint VM operation: Cleanup
Event: 696.709 Executing safepoint VM operation: Cleanup done
Event: 698.711 Executing safepoint VM operation: Cleanup
Event: 698.711 Executing safepoint VM operation: Cleanup done
Event: 699.144 Executing safepoint VM operation: ParallelGCFailedAllocation (Allocation Failure)
Event: 699.146 Executing safepoint VM operation: ParallelGCFailedAllocation (Allocation Failure) done
Event: 702.150 Executing safepoint VM operation: Cleanup
Event: 702.150 Executing safepoint VM operation: Cleanup done
Event: 704.167 Executing safepoint VM operation: Cleanup
Event: 704.167 Executing safepoint VM operation: Cleanup done
Event: 704.289 Executing safepoint VM operation: ParallelGCFailedAllocation (Allocation Failure)
Event: 704.291 Executing safepoint VM operation: ParallelGCFailedAllocation (Allocation Failure) done
Event: 711.357 Executing safepoint VM operation: Cleanup
Event: 711.357 Executing safepoint VM operation: Cleanup done

Memory protections (0 events):
No events

Nmethod flushes (20 events):
Event: 180.514 Thread 0x00000188d4b84c00 flushing  nmethod 0x00000188d937ea90
Event: 180.514 Thread 0x00000188d4b84c00 flushing  nmethod 0x00000188d9396c10
Event: 180.514 Thread 0x00000188d4b84c00 flushing  nmethod 0x00000188d93a4e10
Event: 180.514 Thread 0x00000188d4b84c00 flushing  nmethod 0x00000188d93c3110
Event: 180.514 Thread 0x00000188d4b84c00 flushing  nmethod 0x00000188d93c4c10
Event: 180.514 Thread 0x00000188d4b84c00 flushing  nmethod 0x00000188d9412c90
Event: 180.514 Thread 0x00000188d4b84c00 flushing  nmethod 0x00000188d9424410
Event: 180.514 Thread 0x00000188d4b84c00 flushing  nmethod 0x00000188d9426d10
Event: 180.514 Thread 0x00000188d4b84c00 flushing  nmethod 0x00000188d9432c90
Event: 180.514 Thread 0x00000188d4b84c00 flushing osr nmethod 0x00000188d9444b90
Event: 180.514 Thread 0x00000188d4b84c00 flushing  nmethod 0x00000188d9447f10
Event: 180.514 Thread 0x00000188d4b84c00 flushing  nmethod 0x00000188d947be10
Event: 180.514 Thread 0x00000188d4b84c00 flushing  nmethod 0x00000188d9546c10
Event: 180.514 Thread 0x00000188d4b84c00 flushing  nmethod 0x00000188d9572d90
Event: 180.514 Thread 0x00000188d4b84c00 flushing  nmethod 0x00000188d9576b10
Event: 180.514 Thread 0x00000188d4b84c00 flushing  nmethod 0x00000188d9577810
Event: 180.514 Thread 0x00000188d4b84c00 flushing  nmethod 0x00000188d9584f10
Event: 180.514 Thread 0x00000188d4b84c00 flushing  nmethod 0x00000188d9587c10
Event: 180.514 Thread 0x00000188d4b84c00 flushing  nmethod 0x00000188d9719010
Event: 180.514 Thread 0x00000188d4b84c00 flushing  nmethod 0x00000188d9813090

Events (20 events):
Event: 578.586 Thread 0x00000188f5eb7360 Thread exited: 0x00000188f5eb7360
Event: 584.433 Thread 0x00000188f21beea0 Thread added: 0x00000188f5eb6cd0
Event: 592.699 Thread 0x00000188c1226890 Thread added: 0x00000188f5eb7360
Event: 652.215 Thread 0x00000188c1222d80 Thread exited: 0x00000188c1222d80
Event: 652.719 Thread 0x00000188c1222060 Thread exited: 0x00000188c1222060
Event: 652.965 Thread 0x00000188c1224e50 Thread exited: 0x00000188c1224e50
Event: 664.243 Thread 0x00000188f21beea0 Thread added: 0x00000188f5eb3ee0
Event: 669.848 Thread 0x00000188c1226890 Thread added: 0x00000188f5eb79f0
Event: 669.850 Thread 0x00000188c1226890 Thread added: 0x00000188f5eb4570
Event: 679.448 Thread 0x00000188f5eb3ee0 Thread added: 0x00000188f5eb8710
Event: 692.050 Thread 0x00000188f21beea0 Thread added: 0x00000188f5eb8da0
Event: 692.050 Thread 0x00000188f5eb8da0 Thread exited: 0x00000188f5eb8da0
Event: 692.051 Thread 0x00000188f21beea0 Thread added: 0x00000188f5eb8da0
Event: 692.052 Thread 0x00000188f5eb8da0 Thread added: 0x00000188f5eba150
Event: 692.052 Thread 0x00000188f5eb8da0 Thread added: 0x00000188f5ba2c40
Event: 692.052 Thread 0x00000188f5ba2c40 Thread exited: 0x00000188f5ba2c40
Event: 692.052 Thread 0x00000188f5eba150 Thread exited: 0x00000188f5eba150
Event: 692.053 Thread 0x00000188f5eb8da0 Thread exited: 0x00000188f5eb8da0
Event: 692.102 Thread 0x00000188c12254e0 Thread exited: 0x00000188c12254e0
Event: 698.653 Thread 0x00000188f5eb3ee0 Thread added: 0x00000188f5ba3ff0


Dynamic libraries:
0x00007ff7a0b60000 - 0x00007ff7a0b6e000 	c:\Users\gabon\.vscode\extensions\redhat.java-1.56.0-win32-x64\jre\21.0.12.1-win32-x86_64\bin\java.exe
0x00007fff69d40000 - 0x00007fff69fa7000 	C:\WINDOWS\SYSTEM32\ntdll.dll
0x00007fff690f0000 - 0x00007fff691bb000 	C:\WINDOWS\System32\KERNEL32.DLL
0x00007fff673a0000 - 0x00007fff677a2000 	C:\WINDOWS\System32\KERNELBASE.dll
0x00007fff66f70000 - 0x00007fff670bc000 	C:\WINDOWS\System32\ucrtbase.dll
0x00007fff52150000 - 0x00007fff52168000 	c:\Users\gabon\.vscode\extensions\redhat.java-1.56.0-win32-x64\jre\21.0.12.1-win32-x86_64\bin\jli.dll
0x00007fff54ec0000 - 0x00007fff54ede000 	c:\Users\gabon\.vscode\extensions\redhat.java-1.56.0-win32-x64\jre\21.0.12.1-win32-x86_64\bin\VCRUNTIME140.dll
0x00007fff68f10000 - 0x00007fff690df000 	C:\WINDOWS\System32\USER32.dll
0x00007fff66f40000 - 0x00007fff66f67000 	C:\WINDOWS\System32\win32u.dll
0x00007fff69cd0000 - 0x00007fff69cfb000 	C:\WINDOWS\System32\GDI32.dll
0x00007fff47a10000 - 0x00007fff47ca0000 	C:\WINDOWS\WinSxS\amd64_microsoft.windows.common-controls_6595b64144ccf1df_6.0.26100.9278_none_3e0d1ba8e3303201\COMCTL32.dll
0x00007fff67930000 - 0x00007fff67a59000 	C:\WINDOWS\System32\gdi32full.dll
0x00007fff69bb0000 - 0x00007fff69c59000 	C:\WINDOWS\System32\msvcrt.dll
0x00007fff670d0000 - 0x00007fff67173000 	C:\WINDOWS\System32\msvcp_win.dll
0x00007fff69ab0000 - 0x00007fff69ae1000 	C:\WINDOWS\System32\IMM32.DLL
0x00007fff5f090000 - 0x00007fff5f09c000 	c:\Users\gabon\.vscode\extensions\redhat.java-1.56.0-win32-x64\jre\21.0.12.1-win32-x86_64\bin\vcruntime140_1.dll
0x00007fff028a0000 - 0x00007fff0292d000 	c:\Users\gabon\.vscode\extensions\redhat.java-1.56.0-win32-x64\jre\21.0.12.1-win32-x86_64\bin\msvcp140.dll
0x00007ffe916d0000 - 0x00007ffe92472000 	c:\Users\gabon\.vscode\extensions\redhat.java-1.56.0-win32-x64\jre\21.0.12.1-win32-x86_64\bin\server\jvm.dll
0x00007fff67a60000 - 0x00007fff67b1c000 	C:\WINDOWS\System32\ADVAPI32.dll
0x00007fff68440000 - 0x00007fff684e9000 	C:\WINDOWS\System32\sechost.dll
0x00007fff68d60000 - 0x00007fff68e78000 	C:\WINDOWS\System32\RPCRT4.dll
0x00007fff68e80000 - 0x00007fff68f00000 	C:\WINDOWS\System32\WS2_32.dll
0x00007fff66400000 - 0x00007fff6645e000 	C:\WINDOWS\SYSTEM32\POWRPROF.dll
0x00007fff53910000 - 0x00007fff53946000 	C:\WINDOWS\SYSTEM32\WINMM.dll
0x00007fff5c350000 - 0x00007fff5c35b000 	C:\WINDOWS\SYSTEM32\VERSION.dll
0x00007fff663a0000 - 0x00007fff663b5000 	C:\WINDOWS\SYSTEM32\UMPDC.dll
0x00007fff65c10000 - 0x00007fff65c2b000 	C:\WINDOWS\SYSTEM32\kernel.appcore.dll
0x00007fff5f080000 - 0x00007fff5f08a000 	c:\Users\gabon\.vscode\extensions\redhat.java-1.56.0-win32-x64\jre\21.0.12.1-win32-x86_64\bin\jimage.dll
0x00007fff64440000 - 0x00007fff6468c000 	C:\WINDOWS\SYSTEM32\DBGHELP.DLL
0x00007fff69420000 - 0x00007fff697a5000 	C:\WINDOWS\System32\combase.dll
0x00007fff68360000 - 0x00007fff68439000 	C:\WINDOWS\System32\OLEAUT32.dll
0x00007fff45fb0000 - 0x00007fff45feb000 	C:\WINDOWS\SYSTEM32\dbgcore.DLL
0x00007fff67870000 - 0x00007fff6791c000 	C:\WINDOWS\System32\bcryptPrimitives.dll
0x00007fff5f020000 - 0x00007fff5f02f000 	c:\Users\gabon\.vscode\extensions\redhat.java-1.56.0-win32-x64\jre\21.0.12.1-win32-x86_64\bin\instrument.dll
0x00007fff37300000 - 0x00007fff37320000 	c:\Users\gabon\.vscode\extensions\redhat.java-1.56.0-win32-x64\jre\21.0.12.1-win32-x86_64\bin\java.dll
0x00007fff67bc0000 - 0x00007fff68358000 	C:\WINDOWS\System32\SHELL32.dll
0x00007fff64820000 - 0x00007fff650ce000 	C:\WINDOWS\SYSTEM32\windows.storage.dll
0x00007fff697d0000 - 0x00007fff698cb000 	C:\WINDOWS\System32\SHCORE.dll
0x00007fff69c60000 - 0x00007fff69cc6000 	C:\WINDOWS\System32\shlwapi.dll
0x00007fff66e60000 - 0x00007fff66e89000 	C:\WINDOWS\SYSTEM32\profapi.dll
0x00007fff28a40000 - 0x00007fff28a58000 	c:\Users\gabon\.vscode\extensions\redhat.java-1.56.0-win32-x64\jre\21.0.12.1-win32-x86_64\bin\zip.dll
0x00007fff5af30000 - 0x00007fff5af40000 	C:\Users\gabon\.vscode\extensions\redhat.java-1.56.0-win32-x64\jre\21.0.12.1-win32-x86_64\bin\net.dll
0x00007fff5d240000 - 0x00007fff5d36a000 	C:\WINDOWS\SYSTEM32\WINHTTP.dll
0x00007fff66240000 - 0x00007fff662ac000 	C:\WINDOWS\system32\mswsock.dll
0x00007fff03160000 - 0x00007fff03176000 	C:\Users\gabon\.vscode\extensions\redhat.java-1.56.0-win32-x64\jre\21.0.12.1-win32-x86_64\bin\nio.dll
0x00007fff54d20000 - 0x00007fff54d30000 	c:\Users\gabon\.vscode\extensions\redhat.java-1.56.0-win32-x64\jre\21.0.12.1-win32-x86_64\bin\verify.dll
0x00007fff02f30000 - 0x00007fff02f75000 	C:\Users\gabon\AppData\Roaming\Code\User\globalStorage\redhat.java\1.56.0\config_win\org.eclipse.equinox.launcher\org.eclipse.equinox.launcher.win32.win32.x86_64_1.3.100.v20260804-1928\eclipse_11924.dll
0x00007fff685f0000 - 0x00007fff6878a000 	C:\WINDOWS\System32\ole32.dll
0x00007fff47860000 - 0x00007fff4786a000 	C:\Users\gabon\.vscode\extensions\redhat.java-1.56.0-win32-x64\jre\21.0.12.1-win32-x86_64\bin\management.dll
0x00007fff47580000 - 0x00007fff4758c000 	C:\Users\gabon\.vscode\extensions\redhat.java-1.56.0-win32-x64\jre\21.0.12.1-win32-x86_64\bin\management_ext.dll
0x00007fff69410000 - 0x00007fff69418000 	C:\WINDOWS\System32\PSAPI.DLL
0x00007fff665e0000 - 0x00007fff665fb000 	C:\WINDOWS\SYSTEM32\CRYPTSP.dll
0x00007fff65b70000 - 0x00007fff65ba9000 	C:\WINDOWS\system32\rsaenh.dll
0x00007fff66310000 - 0x00007fff66344000 	C:\WINDOWS\SYSTEM32\USERENV.dll
0x00007fff66e30000 - 0x00007fff66e5a000 	C:\WINDOWS\SYSTEM32\bcrypt.dll
0x00007fff66600000 - 0x00007fff6660c000 	C:\WINDOWS\SYSTEM32\CRYPTBASE.dll
0x00007fff65610000 - 0x00007fff65643000 	C:\WINDOWS\SYSTEM32\IPHLPAPI.DLL
0x00007fff69af0000 - 0x00007fff69afa000 	C:\WINDOWS\System32\NSI.dll
0x00007fff23aa0000 - 0x00007fff23ae9000 	C:\Users\gabon\AppData\Local\Temp\jna-98110119\jna6775648682145233058.dll
0x00007fff5e360000 - 0x00007fff5e37d000 	C:\WINDOWS\SYSTEM32\dhcpcsvc6.DLL
0x00007fff5e330000 - 0x00007fff5e355000 	C:\WINDOWS\SYSTEM32\dhcpcsvc.DLL
0x00007fff5ee00000 - 0x00007fff5ee0e000 	C:\Users\gabon\.vscode\extensions\redhat.java-1.56.0-win32-x64\jre\21.0.12.1-win32-x86_64\bin\sunmscapi.dll
0x00007fff67180000 - 0x00007fff672fe000 	C:\WINDOWS\System32\CRYPT32.dll
0x00007fff66820000 - 0x00007fff66850000 	C:\WINDOWS\SYSTEM32\ncrypt.dll
0x00007fff667d0000 - 0x00007fff6680f000 	C:\WINDOWS\SYSTEM32\NTASN1.dll
0x00007fff65650000 - 0x00007fff657a8000 	C:\WINDOWS\SYSTEM32\DNSAPI.dll
0x00007fff66040000 - 0x00007fff6604d000 	C:\WINDOWS\SYSTEM32\DSPARSE.dll
0x00007fff5cef0000 - 0x00007fff5cefb000 	C:\Windows\System32\rasadhlp.dll
0x00007fff5e7e0000 - 0x00007fff5e866000 	C:\WINDOWS\System32\fwpuclnt.dll
0x00007fff41480000 - 0x00007fff41489000 	C:\Users\gabon\.vscode\extensions\redhat.java-1.56.0-win32-x64\jre\21.0.12.1-win32-x86_64\bin\extnet.dll

JVMTI agents:
c:\Users\gabon\.vscode\extensions\redhat.java-1.56.0-win32-x64\lombok\lombok-1.18.39-4050.jar path:c:\Users\gabon\.vscode\extensions\redhat.java-1.56.0-win32-x64\jre\21.0.12.1-win32-x86_64\bin\instrument.dll, loaded, initialized, instrumentlib options:none

dbghelp: loaded successfully - version: 4.0.5 - missing functions: none
symbol engine: initialized successfully - sym options: 0x614 - pdb path: .;c:\Users\gabon\.vscode\extensions\redhat.java-1.56.0-win32-x64\jre\21.0.12.1-win32-x86_64\bin;C:\WINDOWS\SYSTEM32;C:\WINDOWS\WinSxS\amd64_microsoft.windows.common-controls_6595b64144ccf1df_6.0.26100.9278_none_3e0d1ba8e3303201;c:\Users\gabon\.vscode\extensions\redhat.java-1.56.0-win32-x64\jre\21.0.12.1-win32-x86_64\bin\server;C:\Users\gabon\AppData\Roaming\Code\User\globalStorage\redhat.java\1.56.0\config_win\org.eclipse.equinox.launcher\org.eclipse.equinox.launcher.win32.win32.x86_64_1.3.100.v20260804-1928;C:\Users\gabon\AppData\Local\Temp\jna-98110119

VM Arguments:
jvm_args: --add-modules=ALL-SYSTEM --add-opens=java.base/java.util=ALL-UNNAMED --add-opens=java.base/java.lang=ALL-UNNAMED --add-opens=java.base/sun.nio.fs=ALL-UNNAMED -Declipse.application=org.eclipse.jdt.ls.core.id1 -Dosgi.bundles.defaultStartLevel=4 -Declipse.product=org.eclipse.jdt.ls.core.product -Djava.import.generatesMetadataFilesAtProjectRoot=false -Dm2e.project.cache.size=50 -DDetectVMInstallationsJob.disabled=true -Dfile.encoding=utf8 -XX:+UseParallelGC -XX:GCTimeRatio=4 -XX:AdaptiveSizePolicyWeight=90 -Dsun.zip.disableMemoryMapping=true -Xmx2G -Xms100m -Xlog:disable -javaagent:c:\Users\gabon\.vscode\extensions\redhat.java-1.56.0-win32-x64\lombok\lombok-1.18.39-4050.jar -XX:+HeapDumpOnOutOfMemoryError -XX:HeapDumpPath=c:\Users\gabon\AppData\Roaming\Code\User\workspaceStorage\6cd386fe6050d58df2c5579d9190ebde\redhat.java -Daether.dependencyCollector.impl=bf 
java_command: c:\Users\gabon\.vscode\extensions\redhat.java-1.56.0-win32-x64\server\plugins\org.eclipse.equinox.launcher_1.8.0.v20260804-1928.jar -configuration c:\Users\gabon\AppData\Roaming\Code\User\globalStorage\redhat.java\1.56.0\config_win -data c:\Users\gabon\AppData\Roaming\Code\User\workspaceStorage\6cd386fe6050d58df2c5579d9190ebde\redhat.java\jdt_ws --pipe=\\.\pipe\lsp-49c11c90cb97edb2758f6064366aadb7-sock
java_class_path (initial): c:\Users\gabon\.vscode\extensions\redhat.java-1.56.0-win32-x64\server\plugins\org.eclipse.equinox.launcher_1.8.0.v20260804-1928.jar
Launcher Type: SUN_STANDARD

[Global flags]
    uintx AdaptiveSizePolicyWeight                 = 90                                        {product} {command line}
     intx CICompilerCount                          = 4                                         {product} {ergonomic}
    uintx GCTimeRatio                              = 4                                         {product} {command line}
     bool HeapDumpOnOutOfMemoryError               = true                                   {manageable} {command line}
    ccstr HeapDumpPath                             = c:\Users\gabon\AppData\Roaming\Code\User\workspaceStorage\6cd386fe6050d58df2c5579d9190ebde\redhat.java         {manageable} {command line}
   size_t InitialHeapSize                          = 104857600                                 {product} {command line}
   size_t MaxHeapSize                              = 2147483648                                {product} {command line}
   size_t MaxNewSize                               = 715653120                                 {product} {ergonomic}
   size_t MinHeapDeltaBytes                        = 524288                                    {product} {ergonomic}
   size_t MinHeapSize                              = 104857600                                 {product} {command line}
   size_t NewSize                                  = 34603008                                  {product} {ergonomic}
    uintx NonNMethodCodeHeapSize                   = 5839372                                {pd product} {ergonomic}
    uintx NonProfiledCodeHeapSize                  = 122909434                              {pd product} {ergonomic}
   size_t OldSize                                  = 70254592                                  {product} {ergonomic}
    uintx ProfiledCodeHeapSize                     = 122909434                              {pd product} {ergonomic}
    uintx ReservedCodeCacheSize                    = 251658240                              {pd product} {ergonomic}
     bool SegmentedCodeCache                       = true                                      {product} {ergonomic}
   size_t SoftMaxHeapSize                          = 2147483648                             {manageable} {ergonomic}
     bool UseCompressedOops                        = true                           {product lp64_product} {ergonomic}
     bool UseLargePagesIndividualAllocation        = false                                  {pd product} {ergonomic}
     bool UseParallelGC                            = true                                      {product} {command line}

Logging:
Log output configuration:
 #0: stdout all=off uptime,level,tags foldmultilines=false
 #1: stderr all=off uptime,level,tags foldmultilines=false

Release file:
JAVA_VERSION="21.0.12.1" 
MODULES="java.base java.compiler java.datatransfer java.xml java.prefs java.desktop java.instrument java.logging java.management java.security.sasl java.naming java.rmi java.management.rmi java.net.http java.scripting java.security.jgss java.transaction.xa java.sql java.sql.rowset java.xml.crypto java.se java.smartcardio jdk.accessibility jdk.internal.jvmstat jdk.attach jdk.charsets jdk.internal.opt jdk.zipfs jdk.compiler jdk.crypto.ec jdk.crypto.cryptoki jdk.crypto.mscapi jdk.dynalink jdk.internal.ed jdk.editpad jdk.hotspot.agent jdk.httpserver jdk.internal.le jdk.internal.vm.ci jdk.internal.vm.compiler jdk.internal.vm.compiler.management jdk.jartool jdk.javadoc jdk.jcmd jdk.management jdk.management.agent jdk.jconsole jdk.jdeps jdk.jdwp.agent jdk.jdi jdk.jfr jdk.jshell jdk.jsobject jdk.jstatd jdk.localedata jdk.management.jfr jdk.naming.dns jdk.naming.rmi jdk.net jdk.nio.mapmode jdk.random jdk.sctp jdk.security.auth jdk.security.jgss jdk.unsupported jdk.unsupported.desktop jdk.xml.dom" 

Environment Variables:
PATH=C:\Program Files\Common Files\Oracle\Java\javapath;C:\Program Files (x86)\Common Files\Oracle\Java\java8path;C:\Program Files (x86)\Common Files\Oracle\Java\javapath;C:\WINDOWS\system32;C:\WINDOWS;C:\WINDOWS\System32\Wbem;C:\WINDOWS\System32\WindowsPowerShell\v1.0\;C:\WINDOWS\System32\OpenSSH\;C:\Program Files\Git\cmd;C:\Program Files\nodejs\;C:\Users\gabon\AppData\Local\Programs\Python\Python314\Scripts\;C:\Users\gabon\AppData\Local\Programs\Python\Python314\;C:\Users\gabon\AppData\Local\Programs\Python\Launcher\;C:\Users\gabon\AppData\Local\Microsoft\WindowsApps;C:\Users\gabon\AppData\Local\spicetify;C:\Users\gabon\AppData\Local\Programs\Microsoft VS Code\bin;C:\Users\gabon\AppData\Local\PowerToys\DSCModules\;C:\Users\gabon\AppData\Roaming\npm
USERNAME=gabon
OS=Windows_NT
PROCESSOR_IDENTIFIER=Intel64 Family 6 Model 186 Stepping 2, GenuineIntel
TMP=C:\Users\gabon\AppData\Local\Temp
TEMP=C:\Users\gabon\AppData\Local\Temp




Periodic native trim disabled

---------------  S Y S T E M  ---------------

OS:
 Windows 11 , 64 bit Build 26100 (10.0.26100.9444)
OS uptime: 0 days 0:36 hours
Hyper-V role detected

CPU: total 12 (initial active 12) (6 cores per cpu, 2 threads per core) family 6 model 186 stepping 2 microcode 0x4122, cx8, cmov, fxsr, ht, mmx, 3dnowpref, sse, sse2, sse3, ssse3, sse4.1, sse4.2, popcnt, lzcnt, tsc, tscinvbit, avx, avx2, aes, erms, clmul, bmi1, bmi2, adx, sha, fma, vzeroupper, clflush, clflushopt, clwb, hv, serialize, rdtscp, rdpid, fsrm, f16c, cet_ibt, cet_ss
Processor Information for processor 0
  Max Mhz: 2100, Current Mhz: 2100, Mhz Limit: 2100
Processor Information for processor 1
  Max Mhz: 2100, Current Mhz: 1453, Mhz Limit: 2100
Processor Information for processor 2
  Max Mhz: 2100, Current Mhz: 1453, Mhz Limit: 2100
Processor Information for processor 3
  Max Mhz: 2100, Current Mhz: 2100, Mhz Limit: 2100
Processor Information for processor 4
  Max Mhz: 2100, Current Mhz: 2100, Mhz Limit: 2100
Processor Information for processor 5
  Max Mhz: 2100, Current Mhz: 2100, Mhz Limit: 2100
Processor Information for processor 6
  Max Mhz: 2100, Current Mhz: 2100, Mhz Limit: 2100
Processor Information for processor 7
  Max Mhz: 2100, Current Mhz: 2100, Mhz Limit: 2100
Processor Information for processor 8
  Max Mhz: 2100, Current Mhz: 1260, Mhz Limit: 2100
Processor Information for processor 9
  Max Mhz: 2100, Current Mhz: 1260, Mhz Limit: 2100
Processor Information for processor 10
  Max Mhz: 2100, Current Mhz: 1260, Mhz Limit: 2100
Processor Information for processor 11
  Max Mhz: 2100, Current Mhz: 1260, Mhz Limit: 2100

Memory: 4k page, system-wide physical 16024M (3806M free)
TotalPageFile size 16024M (AvailPageFile size 2M)
current process WorkingSet (physical memory assigned to process): 512M, peak: 837M
current process commit charge ("private bytes"): 435M, peak: 1669M

vm_info: OpenJDK 64-Bit Server VM (21.0.12.1+1-LTS) for windows-amd64 JRE (21.0.12.1+1-LTS), built on 2026-08-18T00:00:00Z by "admin" with MS VC++ 17.12 (VS2022)

END.
